08_baseline_experiments.py: returncode=0, elapsed=12.56s
09_xgboost_gpu_experiments.py: returncode=0, elapsed=147.56s
10_xgboost_crossfold_calibration.py: returncode=0, elapsed=94.59s
11_xgboost_direct_targets.py: returncode=0, elapsed=146.16s
12_recency_window_screen.py: returncode=0, elapsed=143.44s
13_oof_ensemble_and_shrinkage.py: returncode=0, elapsed=25.68s
14_forecast_robustness_analysis.py: returncode=0, elapsed=1.23s
15_build_time_augmented_features.py: returncode=0, elapsed=0.90s
16_time_feature_ablation.py: returncode=0, elapsed=112.48s
17_temporal_effect_analysis.py: returncode=0, elapsed=5.38s
18_relative_residual_ablation.py: returncode=0, elapsed=107.67s
19_hybrid_target_selection.py: returncode=0, elapsed=17.11s
20_train_final_forecaster.py: returncode=0, elapsed=44.62s
22_final_hybrid_error_analysis.py: returncode=0, elapsed=0.62s
23_validate_modeling_stage.py: returncode=1, elapsed=1.94s
Traceback (most recent call last):
  File "F:\Code2\AIC\AIC-gas\codefiles\pipelines\run_training.py", line 29, in <module>
    run_legacy_scripts(selected, "training", args.dry_run)
  File "F:\Code2\AIC\AIC-gas\codefiles\src\gas_power\utils\pipeline.py", line 51, in run_legacy_scripts
    raise subprocess.CalledProcessError(completed.returncode, [sys.executable, str(script)])
subprocess.CalledProcessError: Command '['C:\\Users\\ZZZ\\AppData\\Local\\Programs\\Python\\Python312\\python.exe', 'F:\\Code2\\AIC\\AIC-gas\\codefiles\\legacy\\23_validate_modeling_stage.py']' returned non-zero exit status 1.
